// Jest Snapshot v1, https://goo.gl/fbAQLP

exports[`About component renders correctly 1`] = `
<div
  class="about"
>
  <h1>
    You are on the About page!
  </h1>
  <a
    href="/"
  >
    Home
  </a>
</div>
`;
